Analysis & Synthesis report for Mips
Fri Jan 19 16:32:25 2024
Quartus Prime Version 20.1.0 Build 711 06/05/2020 SJ Lite Edition


---------------------
; Table of Contents ;
---------------------
  1. Legal Notice
  2. Analysis & Synthesis Summary
  3. Analysis & Synthesis Settings
  4. Parallel Compilation
  5. Analysis & Synthesis Source Files Read
  6. Analysis & Synthesis Resource Usage Summary
  7. Analysis & Synthesis Resource Utilization by Entity
  8. General Register Statistics
  9. Port Connectivity Checks: "full_adder_32bit:addPc"
 10. Port Connectivity Checks: "mux2x1_32bit:mux2x1_31bit_1"
 11. Port Connectivity Checks: "Alu:alu1|full_adder_32bit:fa1|full_adder_4bit_lastBlock:fullader8|full_adder_lastBit:fulladder4|mux_3x1:mux"
 12. Port Connectivity Checks: "Alu:alu1|full_adder_32bit:fa1|full_adder_4bit_lastBlock:fullader8"
 13. Port Connectivity Checks: "Alu:alu1|full_adder_32bit:fa1|full_adder_4bit:fullader7"
 14. Port Connectivity Checks: "Alu:alu1|full_adder_32bit:fa1|full_adder_4bit:fullader6"
 15. Port Connectivity Checks: "Alu:alu1|full_adder_32bit:fa1|full_adder_4bit:fullader5"
 16. Port Connectivity Checks: "Alu:alu1|full_adder_32bit:fa1|full_adder_4bit:fullader4"
 17. Port Connectivity Checks: "Alu:alu1|full_adder_32bit:fa1|full_adder_4bit:fullader3"
 18. Port Connectivity Checks: "Alu:alu1|full_adder_32bit:fa1|full_adder_4bit:fullader2|full_Adder_1bit:fulladderD"
 19. Port Connectivity Checks: "Alu:alu1|full_adder_32bit:fa1|full_adder_4bit:fullader2|full_Adder_1bit:fulladderC"
 20. Port Connectivity Checks: "Alu:alu1|full_adder_32bit:fa1|full_adder_4bit:fullader2|full_Adder_1bit:fulladderB|mux_3x1:mux"
 21. Port Connectivity Checks: "Alu:alu1|full_adder_32bit:fa1|full_adder_4bit:fullader2|full_Adder_1bit:fulladderB"
 22. Port Connectivity Checks: "Alu:alu1|full_adder_32bit:fa1|full_adder_4bit:fullader2|carry_Lookahead_Level1:cl1"
 23. Port Connectivity Checks: "Alu:alu1|full_adder_32bit:fa1|full_adder_4bit:fullader2"
 24. Port Connectivity Checks: "Alu:alu1|full_adder_32bit:fa1|carry_Lookahead_Level2:cl2"
 25. Port Connectivity Checks: "Alu:alu1|full_adder_32bit:fa1"
 26. Port Connectivity Checks: "Alu:alu1"
 27. Port Connectivity Checks: "control_unit:controlUnit"
 28. Port Connectivity Checks: "instruction_block:instr_block"
 29. Post-Synthesis Netlist Statistics for Top Partition
 30. Elapsed Time Per Partition
 31. Analysis & Synthesis Messages



----------------
; Legal Notice ;
----------------
Copyright (C) 2020  Intel Corporation. All rights reserved.
Your use of Intel Corporation's design tools, logic functions 
and other software and tools, and any partner logic 
functions, and any output files from any of the foregoing 
(including device programming or simulation files), and any 
associated documentation or information are expressly subject 
to the terms and conditions of the Intel Program License 
Subscription Agreement, the Intel Quartus Prime License Agreement,
the Intel FPGA IP License Agreement, or other applicable license
agreement, including, without limitation, that your use is for
the sole purpose of programming logic devices manufactured by
Intel and sold by Intel or its authorized distributors.  Please
refer to the applicable agreement for further details, at
https://fpgasoftware.intel.com/eula.



+-------------------------------------------------------------------------------+
; Analysis & Synthesis Summary                                                  ;
+---------------------------------+---------------------------------------------+
; Analysis & Synthesis Status     ; Successful - Fri Jan 19 16:32:25 2024       ;
; Quartus Prime Version           ; 20.1.0 Build 711 06/05/2020 SJ Lite Edition ;
; Revision Name                   ; Mips                                        ;
; Top-level Entity Name           ; mips                                        ;
; Family                          ; Cyclone V                                   ;
; Logic utilization (in ALMs)     ; N/A                                         ;
; Total registers                 ; 0                                           ;
; Total pins                      ; 1                                           ;
; Total virtual pins              ; 0                                           ;
; Total block memory bits         ; 0                                           ;
; Total DSP Blocks                ; 0                                           ;
; Total HSSI RX PCSs              ; 0                                           ;
; Total HSSI PMA RX Deserializers ; 0                                           ;
; Total HSSI TX PCSs              ; 0                                           ;
; Total HSSI PMA TX Serializers   ; 0                                           ;
; Total PLLs                      ; 0                                           ;
; Total DLLs                      ; 0                                           ;
+---------------------------------+---------------------------------------------+


+---------------------------------------------------------------------------------------------------------------------------+
; Analysis & Synthesis Settings                                                                                             ;
+---------------------------------------------------------------------------------+--------------------+--------------------+
; Option                                                                          ; Setting            ; Default Value      ;
+---------------------------------------------------------------------------------+--------------------+--------------------+
; Device                                                                          ; 5CGXFC7C7F23C8     ;                    ;
; Top-level entity name                                                           ; mips               ; Mips               ;
; Family name                                                                     ; Cyclone V          ; Cyclone V          ;
; Use smart compilation                                                           ; Off                ; Off                ;
; Enable parallel Assembler and Timing Analyzer during compilation                ; On                 ; On                 ;
; Enable compact report table                                                     ; Off                ; Off                ;
; Restructure Multiplexers                                                        ; Auto               ; Auto               ;
; MLAB Add Timing Constraints For Mixed-Port Feed-Through Mode Setting Don't Care ; Off                ; Off                ;
; Create Debugging Nodes for IP Cores                                             ; Off                ; Off                ;
; Preserve fewer node names                                                       ; On                 ; On                 ;
; Intel FPGA IP Evaluation Mode                                                   ; Enable             ; Enable             ;
; Verilog Version                                                                 ; Verilog_2001       ; Verilog_2001       ;
; VHDL Version                                                                    ; VHDL_1993          ; VHDL_1993          ;
; State Machine Processing                                                        ; Auto               ; Auto               ;
; Safe State Machine                                                              ; Off                ; Off                ;
; Extract Verilog State Machines                                                  ; On                 ; On                 ;
; Extract VHDL State Machines                                                     ; On                 ; On                 ;
; Ignore Verilog initial constructs                                               ; Off                ; Off                ;
; Iteration limit for constant Verilog loops                                      ; 5000               ; 5000               ;
; Iteration limit for non-constant Verilog loops                                  ; 250                ; 250                ;
; Add Pass-Through Logic to Inferred RAMs                                         ; On                 ; On                 ;
; Infer RAMs from Raw Logic                                                       ; On                 ; On                 ;
; Parallel Synthesis                                                              ; On                 ; On                 ;
; DSP Block Balancing                                                             ; Auto               ; Auto               ;
; NOT Gate Push-Back                                                              ; On                 ; On                 ;
; Power-Up Don't Care                                                             ; On                 ; On                 ;
; Remove Redundant Logic Cells                                                    ; Off                ; Off                ;
; Remove Duplicate Registers                                                      ; On                 ; On                 ;
; Ignore CARRY Buffers                                                            ; Off                ; Off                ;
; Ignore CASCADE Buffers                                                          ; Off                ; Off                ;
; Ignore GLOBAL Buffers                                                           ; Off                ; Off                ;
; Ignore ROW GLOBAL Buffers                                                       ; Off                ; Off                ;
; Ignore LCELL Buffers                                                            ; Off                ; Off                ;
; Ignore SOFT Buffers                                                             ; On                 ; On                 ;
; Limit AHDL Integers to 32 Bits                                                  ; Off                ; Off                ;
; Optimization Technique                                                          ; Balanced           ; Balanced           ;
; Carry Chain Length                                                              ; 70                 ; 70                 ;
; Auto Carry Chains                                                               ; On                 ; On                 ;
; Auto Open-Drain Pins                                                            ; On                 ; On                 ;
; Perform WYSIWYG Primitive Resynthesis                                           ; Off                ; Off                ;
; Auto ROM Replacement                                                            ; On                 ; On                 ;
; Auto RAM Replacement                                                            ; On                 ; On                 ;
; Auto DSP Block Replacement                                                      ; On                 ; On                 ;
; Auto Shift Register Replacement                                                 ; Auto               ; Auto               ;
; Allow Shift Register Merging across Hierarchies                                 ; Auto               ; Auto               ;
; Auto Clock Enable Replacement                                                   ; On                 ; On                 ;
; Strict RAM Replacement                                                          ; Off                ; Off                ;
; Allow Synchronous Control Signals                                               ; On                 ; On                 ;
; Force Use of Synchronous Clear Signals                                          ; Off                ; Off                ;
; Auto Resource Sharing                                                           ; Off                ; Off                ;
; Allow Any RAM Size For Recognition                                              ; Off                ; Off                ;
; Allow Any ROM Size For Recognition                                              ; Off                ; Off                ;
; Allow Any Shift Register Size For Recognition                                   ; Off                ; Off                ;
; Use LogicLock Constraints during Resource Balancing                             ; On                 ; On                 ;
; Ignore translate_off and synthesis_off directives                               ; Off                ; Off                ;
; Timing-Driven Synthesis                                                         ; On                 ; On                 ;
; Report Parameter Settings                                                       ; On                 ; On                 ;
; Report Source Assignments                                                       ; On                 ; On                 ;
; Report Connectivity Checks                                                      ; On                 ; On                 ;
; Ignore Maximum Fan-Out Assignments                                              ; Off                ; Off                ;
; Synchronization Register Chain Length                                           ; 3                  ; 3                  ;
; Power Optimization During Synthesis                                             ; Normal compilation ; Normal compilation ;
; HDL message level                                                               ; Level2             ; Level2             ;
; Suppress Register Optimization Related Messages                                 ; Off                ; Off                ;
; Number of Removed Registers Reported in Synthesis Report                        ; 5000               ; 5000               ;
; Number of Swept Nodes Reported in Synthesis Report                              ; 5000               ; 5000               ;
; Number of Inverted Registers Reported in Synthesis Report                       ; 100                ; 100                ;
; Clock MUX Protection                                                            ; On                 ; On                 ;
; Auto Gated Clock Conversion                                                     ; Off                ; Off                ;
; Block Design Naming                                                             ; Auto               ; Auto               ;
; SDC constraint protection                                                       ; Off                ; Off                ;
; Synthesis Effort                                                                ; Auto               ; Auto               ;
; Shift Register Replacement - Allow Asynchronous Clear Signal                    ; On                 ; On                 ;
; Pre-Mapping Resynthesis Optimization                                            ; Off                ; Off                ;
; Analysis & Synthesis Message Level                                              ; Medium             ; Medium             ;
; Disable Register Merging Across Hierarchies                                     ; Auto               ; Auto               ;
; Resource Aware Inference For Block RAM                                          ; On                 ; On                 ;
; Automatic Parallel Synthesis                                                    ; On                 ; On                 ;
; Partial Reconfiguration Bitstream ID                                            ; Off                ; Off                ;
+---------------------------------------------------------------------------------+--------------------+--------------------+


+------------------------------------------+
; Parallel Compilation                     ;
+----------------------------+-------------+
; Processors                 ; Number      ;
+----------------------------+-------------+
; Number detected on machine ; 8           ;
; Maximum allowed            ; 4           ;
;                            ;             ;
; Average used               ; 1.00        ;
; Maximum used               ; 1           ;
;                            ;             ;
; Usage by Processor         ; % Time Used ;
;     Processor 1            ; 100.0%      ;
+----------------------------+-------------+


+---------------------------------------------------------------------------------------------------------------------------------------------------------+
; Analysis & Synthesis Source Files Read                                                                                                                  ;
+----------------------------------+-----------------+------------------------+-----------------------------------------------------------------+---------+
; File Name with User-Entered Path ; Used in Netlist ; File Type              ; File Name with Absolute Path                                    ; Library ;
+----------------------------------+-----------------+------------------------+-----------------------------------------------------------------+---------+
; instruction_block.v              ; yes             ; User Verilog HDL File  ; D:/Quartus_Workspace/proje3Onur/instruction_block.v             ;         ;
; instructions.mem                 ; yes             ; User Unspecified File  ; D:/Quartus_Workspace/proje3Onur/instructions.mem                ;         ;
; mips.v                           ; yes             ; User Verilog HDL File  ; D:/Quartus_Workspace/proje3Onur/mips.v                          ;         ;
; control_unit.v                   ; yes             ; User Verilog HDL File  ; D:/Quartus_Workspace/proje3Onur/control_unit.v                  ;         ;
; alu_control.v                    ; yes             ; User Verilog HDL File  ; D:/Quartus_Workspace/proje3Onur/alu_control.v                   ;         ;
; alu/full_Adder_1bit.v            ; yes             ; User Verilog HDL File  ; D:/Quartus_Workspace/proje3Onur/alu/full_Adder_1bit.v           ;         ;
; alu/full_adder_4bit.v            ; yes             ; User Verilog HDL File  ; D:/Quartus_Workspace/proje3Onur/alu/full_adder_4bit.v           ;         ;
; alu/carry_Lookahead_Level1.v     ; yes             ; User Verilog HDL File  ; D:/Quartus_Workspace/proje3Onur/alu/carry_Lookahead_Level1.v    ;         ;
; alu/full_adder_lastBit.v         ; yes             ; User Verilog HDL File  ; D:/Quartus_Workspace/proje3Onur/alu/full_adder_lastBit.v        ;         ;
; alu/mux_not.v                    ; yes             ; User Verilog HDL File  ; D:/Quartus_Workspace/proje3Onur/alu/mux_not.v                   ;         ;
; alu/mux_3x1.v                    ; yes             ; User Verilog HDL File  ; D:/Quartus_Workspace/proje3Onur/alu/mux_3x1.v                   ;         ;
; alu/secondLevel_p_g.v            ; yes             ; User Verilog HDL File  ; D:/Quartus_Workspace/proje3Onur/alu/secondLevel_p_g.v           ;         ;
; alu/full_adder_32bit.v           ; yes             ; User Verilog HDL File  ; D:/Quartus_Workspace/proje3Onur/alu/full_adder_32bit.v          ;         ;
; alu/full_adder_4bit_lastBlock.v  ; yes             ; User Verilog HDL File  ; D:/Quartus_Workspace/proje3Onur/alu/full_adder_4bit_lastBlock.v ;         ;
; alu/firstLevel_p_g.v             ; yes             ; User Verilog HDL File  ; D:/Quartus_Workspace/proje3Onur/alu/firstLevel_p_g.v            ;         ;
; alu/carry_Lookahead_Level2.v     ; yes             ; User Verilog HDL File  ; D:/Quartus_Workspace/proje3Onur/alu/carry_Lookahead_Level2.v    ;         ;
; Alu.v                            ; yes             ; User Verilog HDL File  ; D:/Quartus_Workspace/proje3Onur/Alu.v                           ;         ;
; register_block.v                 ; yes             ; User Verilog HDL File  ; D:/Quartus_Workspace/proje3Onur/register_block.v                ;         ;
; registers.mem                    ; yes             ; User Unspecified File  ; D:/Quartus_Workspace/proje3Onur/registers.mem                   ;         ;
; mux2x1_5bit.v                    ; yes             ; User Verilog HDL File  ; D:/Quartus_Workspace/proje3Onur/mux2x1_5bit.v                   ;         ;
; extend_32bit.v                   ; yes             ; User Verilog HDL File  ; D:/Quartus_Workspace/proje3Onur/extend_32bit.v                  ;         ;
; mux2x1_32bit.v                   ; yes             ; User Verilog HDL File  ; D:/Quartus_Workspace/proje3Onur/mux2x1_32bit.v                  ;         ;
; my_and_32bit.v                   ; yes             ; User Verilog HDL File  ; D:/Quartus_Workspace/proje3Onur/my_and_32bit.v                  ;         ;
; my_or_32bit.v                    ; yes             ; User Verilog HDL File  ; D:/Quartus_Workspace/proje3Onur/my_or_32bit.v                   ;         ;
+----------------------------------+-----------------+------------------------+-----------------------------------------------------------------+---------+


+-----------------------------------------------------+
; Analysis & Synthesis Resource Usage Summary         ;
+---------------------------------------------+-------+
; Resource                                    ; Usage ;
+---------------------------------------------+-------+
; Estimate of Logic utilization (ALMs needed) ; 0     ;
;                                             ;       ;
; Combinational ALUT usage for logic          ; 0     ;
;     -- 7 input functions                    ; 0     ;
;     -- 6 input functions                    ; 0     ;
;     -- 5 input functions                    ; 0     ;
;     -- 4 input functions                    ; 0     ;
;     -- <=3 input functions                  ; 0     ;
;                                             ;       ;
; Dedicated logic registers                   ; 0     ;
;                                             ;       ;
; I/O pins                                    ; 1     ;
;                                             ;       ;
; Total DSP Blocks                            ; 0     ;
;                                             ;       ;
; Maximum fan-out node                        ; clock ;
; Maximum fan-out                             ; 1     ;
; Total fan-out                               ; 1     ;
; Average fan-out                             ; 0.50  ;
+---------------------------------------------+-------+


+----------------------------------------------------------------------------------------------------------------------------------------------------------------------------------------+
; Analysis & Synthesis Resource Utilization by Entity                                                                                                                                    ;
+----------------------------+---------------------+---------------------------+-------------------+------------+------+--------------+---------------------+-------------+--------------+
; Compilation Hierarchy Node ; Combinational ALUTs ; Dedicated Logic Registers ; Block Memory Bits ; DSP Blocks ; Pins ; Virtual Pins ; Full Hierarchy Name ; Entity Name ; Library Name ;
+----------------------------+---------------------+---------------------------+-------------------+------------+------+--------------+---------------------+-------------+--------------+
; |mips                      ; 0 (0)               ; 0 (0)                     ; 0                 ; 0          ; 1    ; 0            ; |mips               ; mips        ; work         ;
+----------------------------+---------------------+---------------------------+-------------------+------------+------+--------------+---------------------+-------------+--------------+
Note: For table entries with two numbers listed, the numbers in parentheses indicate the number of resources of the given type used by the specific entity alone. The numbers listed outside of parentheses indicate the total resources of the given type used by the specific entity and all of its sub-entities in the hierarchy.


+------------------------------------------------------+
; General Register Statistics                          ;
+----------------------------------------------+-------+
; Statistic                                    ; Value ;
+----------------------------------------------+-------+
; Total registers                              ; 0     ;
; Number of registers using Synchronous Clear  ; 0     ;
; Number of registers using Synchronous Load   ; 0     ;
; Number of registers using Asynchronous Clear ; 0     ;
; Number of registers using Asynchronous Load  ; 0     ;
; Number of registers using Clock Enable       ; 0     ;
; Number of registers using Preset             ; 0     ;
+----------------------------------------------+-------+


+----------------------------------------------------+
; Port Connectivity Checks: "full_adder_32bit:addPc" ;
+-------------+-------+----------+-------------------+
; Port        ; Type  ; Severity ; Details           ;
+-------------+-------+----------+-------------------+
; bit2[31..1] ; Input ; Info     ; Stuck at GND      ;
; bit2[0]     ; Input ; Info     ; Stuck at VCC      ;
; c_in        ; Input ; Info     ; Stuck at GND      ;
; Alu_Op[2]   ; Input ; Info     ; Stuck at VCC      ;
; Alu_Op[1]   ; Input ; Info     ; Stuck at GND      ;
; Alu_Op[0]   ; Input ; Info     ; Stuck at VCC      ;
+-------------+-------+----------+-------------------+


+---------------------------------------------------------+
; Port Connectivity Checks: "mux2x1_32bit:mux2x1_31bit_1" ;
+---------+-------+----------+----------------------------+
; Port    ; Type  ; Severity ; Details                    ;
+---------+-------+----------+----------------------------+
; result2 ; Input ; Info     ; Stuck at GND               ;
+---------+-------+----------+----------------------------+


+-----------------------------------------------------------------------------------------------------------------------------------------+
; Port Connectivity Checks: "Alu:alu1|full_adder_32bit:fa1|full_adder_4bit_lastBlock:fullader8|full_adder_lastBit:fulladder4|mux_3x1:mux" ;
+--------+-------+----------+-------------------------------------------------------------------------------------------------------------+
; Port   ; Type  ; Severity ; Details                                                                                                     ;
+--------+-------+----------+-------------------------------------------------------------------------------------------------------------+
; res[7] ; Input ; Info     ; Stuck at GND                                                                                                ;
+--------+-------+----------+-------------------------------------------------------------------------------------------------------------+


+-----------------------------------------------------------------------------------------------+
; Port Connectivity Checks: "Alu:alu1|full_adder_32bit:fa1|full_adder_4bit_lastBlock:fullader8" ;
+------+-------+----------+---------------------------------------------------------------------+
; Port ; Type  ; Severity ; Details                                                             ;
+------+-------+----------+---------------------------------------------------------------------+
; less ; Input ; Info     ; Stuck at GND                                                        ;
+------+-------+----------+---------------------------------------------------------------------+


+-------------------------------------------------------------------------------------+
; Port Connectivity Checks: "Alu:alu1|full_adder_32bit:fa1|full_adder_4bit:fullader7" ;
+------+-------+----------+-----------------------------------------------------------+
; Port ; Type  ; Severity ; Details                                                   ;
+------+-------+----------+-----------------------------------------------------------+
; less ; Input ; Info     ; Stuck at GND                                              ;
+------+-------+----------+-----------------------------------------------------------+


+-------------------------------------------------------------------------------------+
; Port Connectivity Checks: "Alu:alu1|full_adder_32bit:fa1|full_adder_4bit:fullader6" ;
+------+-------+----------+-----------------------------------------------------------+
; Port ; Type  ; Severity ; Details                                                   ;
+------+-------+----------+-----------------------------------------------------------+
; less ; Input ; Info     ; Stuck at GND                                              ;
+------+-------+----------+-----------------------------------------------------------+


+-------------------------------------------------------------------------------------+
; Port Connectivity Checks: "Alu:alu1|full_adder_32bit:fa1|full_adder_4bit:fullader5" ;
+------+-------+----------+-----------------------------------------------------------+
; Port ; Type  ; Severity ; Details                                                   ;
+------+-------+----------+-----------------------------------------------------------+
; less ; Input ; Info     ; Stuck at GND                                              ;
+------+-------+----------+-----------------------------------------------------------+


+-------------------------------------------------------------------------------------+
; Port Connectivity Checks: "Alu:alu1|full_adder_32bit:fa1|full_adder_4bit:fullader4" ;
+------+-------+----------+-----------------------------------------------------------+
; Port ; Type  ; Severity ; Details                                                   ;
+------+-------+----------+-----------------------------------------------------------+
; less ; Input ; Info     ; Stuck at GND                                              ;
+------+-------+----------+-----------------------------------------------------------+


+-------------------------------------------------------------------------------------+
; Port Connectivity Checks: "Alu:alu1|full_adder_32bit:fa1|full_adder_4bit:fullader3" ;
+------+-------+----------+-----------------------------------------------------------+
; Port ; Type  ; Severity ; Details                                                   ;
+------+-------+----------+-----------------------------------------------------------+
; less ; Input ; Info     ; Stuck at GND                                              ;
+------+-------+----------+-----------------------------------------------------------+


+----------------------------------------------------------------------------------------------------------------+
; Port Connectivity Checks: "Alu:alu1|full_adder_32bit:fa1|full_adder_4bit:fullader2|full_Adder_1bit:fulladderD" ;
+------+-------+----------+--------------------------------------------------------------------------------------+
; Port ; Type  ; Severity ; Details                                                                              ;
+------+-------+----------+--------------------------------------------------------------------------------------+
; less ; Input ; Info     ; Stuck at GND                                                                         ;
+------+-------+----------+--------------------------------------------------------------------------------------+


+----------------------------------------------------------------------------------------------------------------+
; Port Connectivity Checks: "Alu:alu1|full_adder_32bit:fa1|full_adder_4bit:fullader2|full_Adder_1bit:fulladderC" ;
+------+-------+----------+--------------------------------------------------------------------------------------+
; Port ; Type  ; Severity ; Details                                                                              ;
+------+-------+----------+--------------------------------------------------------------------------------------+
; less ; Input ; Info     ; Stuck at GND                                                                         ;
+------+-------+----------+--------------------------------------------------------------------------------------+


+----------------------------------------------------------------------------------------------------------------------------+
; Port Connectivity Checks: "Alu:alu1|full_adder_32bit:fa1|full_adder_4bit:fullader2|full_Adder_1bit:fulladderB|mux_3x1:mux" ;
+--------+-------+----------+------------------------------------------------------------------------------------------------+
; Port   ; Type  ; Severity ; Details                                                                                        ;
+--------+-------+----------+------------------------------------------------------------------------------------------------+
; res[7] ; Input ; Info     ; Stuck at GND                                                                                   ;
+--------+-------+----------+------------------------------------------------------------------------------------------------+


+----------------------------------------------------------------------------------------------------------------+
; Port Connectivity Checks: "Alu:alu1|full_adder_32bit:fa1|full_adder_4bit:fullader2|full_Adder_1bit:fulladderB" ;
+------+-------+----------+--------------------------------------------------------------------------------------+
; Port ; Type  ; Severity ; Details                                                                              ;
+------+-------+----------+--------------------------------------------------------------------------------------+
; less ; Input ; Info     ; Stuck at GND                                                                         ;
+------+-------+----------+--------------------------------------------------------------------------------------+


+------------------------------------------------------------------------------------------------------------------+
; Port Connectivity Checks: "Alu:alu1|full_adder_32bit:fa1|full_adder_4bit:fullader2|carry_Lookahead_Level1:cl1"   ;
+--------+--------+----------+-------------------------------------------------------------------------------------+
; Port   ; Type   ; Severity ; Details                                                                             ;
+--------+--------+----------+-------------------------------------------------------------------------------------+
; res[3] ; Output ; Info     ; Connected to dangling logic. Logic that only feeds a dangling port will be removed. ;
+--------+--------+----------+-------------------------------------------------------------------------------------+


+-------------------------------------------------------------------------------------+
; Port Connectivity Checks: "Alu:alu1|full_adder_32bit:fa1|full_adder_4bit:fullader2" ;
+------+-------+----------+-----------------------------------------------------------+
; Port ; Type  ; Severity ; Details                                                   ;
+------+-------+----------+-----------------------------------------------------------+
; less ; Input ; Info     ; Stuck at GND                                              ;
+------+-------+----------+-----------------------------------------------------------+


+------------------------------------------------------------------------------------------------------------------+
; Port Connectivity Checks: "Alu:alu1|full_adder_32bit:fa1|carry_Lookahead_Level2:cl2"                             ;
+--------+--------+----------+-------------------------------------------------------------------------------------+
; Port   ; Type   ; Severity ; Details                                                                             ;
+--------+--------+----------+-------------------------------------------------------------------------------------+
; res[7] ; Output ; Info     ; Connected to dangling logic. Logic that only feeds a dangling port will be removed. ;
+--------+--------+----------+-------------------------------------------------------------------------------------+


+-----------------------------------------------------------+
; Port Connectivity Checks: "Alu:alu1|full_adder_32bit:fa1" ;
+------+-------+----------+---------------------------------+
; Port ; Type  ; Severity ; Details                         ;
+------+-------+----------+---------------------------------+
; c_in ; Input ; Info     ; Stuck at GND                    ;
+------+-------+----------+---------------------------------+


+--------------------------------------------------------------------------------------------------------------------+
; Port Connectivity Checks: "Alu:alu1"                                                                               ;
+----------+--------+----------+-------------------------------------------------------------------------------------+
; Port     ; Type   ; Severity ; Details                                                                             ;
+----------+--------+----------+-------------------------------------------------------------------------------------+
; zero_bit ; Output ; Info     ; Connected to dangling logic. Logic that only feeds a dangling port will be removed. ;
+----------+--------+----------+-------------------------------------------------------------------------------------+


+--------------------------------------------------------------------------------------------------------------------------+
; Port Connectivity Checks: "control_unit:controlUnit"                                                                     ;
+----------------+--------+----------+-------------------------------------------------------------------------------------+
; Port           ; Type   ; Severity ; Details                                                                             ;
+----------------+--------+----------+-------------------------------------------------------------------------------------+
; branch         ; Output ; Info     ; Connected to dangling logic. Logic that only feeds a dangling port will be removed. ;
; memRead        ; Output ; Info     ; Connected to dangling logic. Logic that only feeds a dangling port will be removed. ;
; memWrite       ; Output ; Info     ; Connected to dangling logic. Logic that only feeds a dangling port will be removed. ;
; ALUsrc         ; Output ; Info     ; Connected to dangling logic. Logic that only feeds a dangling port will be removed. ;
; jump           ; Output ; Info     ; Connected to dangling logic. Logic that only feeds a dangling port will be removed. ;
; byteOperations ; Output ; Info     ; Connected to dangling logic. Logic that only feeds a dangling port will be removed. ;
+----------------+--------+----------+-------------------------------------------------------------------------------------+


+------------------------------------------------------------------------------------------------------------------------------+
; Port Connectivity Checks: "instruction_block:instr_block"                                                                    ;
+--------------------+--------+----------+-------------------------------------------------------------------------------------+
; Port               ; Type   ; Severity ; Details                                                                             ;
+--------------------+--------+----------+-------------------------------------------------------------------------------------+
; instruction[10..6] ; Output ; Info     ; Connected to dangling logic. Logic that only feeds a dangling port will be removed. ;
+--------------------+--------+----------+-------------------------------------------------------------------------------------+


+-----------------------------------------------------+
; Post-Synthesis Netlist Statistics for Top Partition ;
+-------------------+---------------------------------+
; Type              ; Count                           ;
+-------------------+---------------------------------+
; boundary_port     ; 1                               ;
;                   ;                                 ;
; Max LUT depth     ; 0.00                            ;
; Average LUT depth ; 0.00                            ;
+-------------------+---------------------------------+


+-------------------------------+
; Elapsed Time Per Partition    ;
+----------------+--------------+
; Partition Name ; Elapsed Time ;
+----------------+--------------+
; Top            ; 00:00:00     ;
+----------------+--------------+


+-------------------------------+
; Analysis & Synthesis Messages ;
+-------------------------------+
Info: *******************************************************************
Info: Running Quartus Prime Analysis & Synthesis
    Info: Version 20.1.0 Build 711 06/05/2020 SJ Lite Edition
    Info: Processing started: Fri Jan 19 16:32:17 2024
Info: Command: quartus_map --read_settings_files=on --write_settings_files=off Mips -c Mips
Warning (18236): Number of processors has not been specified which may cause overloading on shared machines.  Set the global assignment NUM_PARALLEL_PROCESSORS in your QSF to an appropriate value for best performance.
Info (20030): Parallel compilation is enabled and will use 4 of the 4 processors detected
Info (12021): Found 1 design units, including 1 entities, in source file instruction_block.v
    Info (12023): Found entity 1: instruction_block File: D:/Quartus_Workspace/proje3Onur/instruction_block.v Line: 1
Info (12021): Found 1 design units, including 1 entities, in source file tb.v
    Info (12023): Found entity 1: tb File: D:/Quartus_Workspace/proje3Onur/tb.v Line: 2
Info (12021): Found 1 design units, including 1 entities, in source file mips.v
    Info (12023): Found entity 1: mips File: D:/Quartus_Workspace/proje3Onur/mips.v Line: 2
Info (12021): Found 1 design units, including 1 entities, in source file control_unit.v
    Info (12023): Found entity 1: control_unit File: D:/Quartus_Workspace/proje3Onur/control_unit.v Line: 1
Info (12021): Found 1 design units, including 1 entities, in source file alu_control.v
    Info (12023): Found entity 1: alu_control File: D:/Quartus_Workspace/proje3Onur/alu_control.v Line: 1
Info (12021): Found 1 design units, including 1 entities, in source file alu/full_adder_1bit.v
    Info (12023): Found entity 1: full_Adder_1bit File: D:/Quartus_Workspace/proje3Onur/alu/full_Adder_1bit.v Line: 1
Info (12021): Found 1 design units, including 1 entities, in source file alu/full_adder_4bit.v
    Info (12023): Found entity 1: full_adder_4bit File: D:/Quartus_Workspace/proje3Onur/alu/full_adder_4bit.v Line: 1
Info (12021): Found 1 design units, including 1 entities, in source file alu/carry_lookahead_level1.v
    Info (12023): Found entity 1: carry_Lookahead_Level1 File: D:/Quartus_Workspace/proje3Onur/alu/carry_Lookahead_Level1.v Line: 1
Info (12021): Found 1 design units, including 1 entities, in source file alu/full_adder_lastbit.v
    Info (12023): Found entity 1: full_adder_lastBit File: D:/Quartus_Workspace/proje3Onur/alu/full_adder_lastBit.v Line: 1
Info (12021): Found 1 design units, including 1 entities, in source file alu/mux_not.v
    Info (12023): Found entity 1: mux_not File: D:/Quartus_Workspace/proje3Onur/alu/mux_not.v Line: 1
Info (12021): Found 1 design units, including 1 entities, in source file alu/mux_3x1.v
    Info (12023): Found entity 1: mux_3x1 File: D:/Quartus_Workspace/proje3Onur/alu/mux_3x1.v Line: 1
Info (12021): Found 1 design units, including 1 entities, in source file alu/secondlevel_p_g.v
    Info (12023): Found entity 1: secondLevel_p_g File: D:/Quartus_Workspace/proje3Onur/alu/secondLevel_p_g.v Line: 1
Info (12021): Found 1 design units, including 1 entities, in source file alu/full_adder_32bit.v
    Info (12023): Found entity 1: full_adder_32bit File: D:/Quartus_Workspace/proje3Onur/alu/full_adder_32bit.v Line: 1
Info (12021): Found 1 design units, including 1 entities, in source file alu/full_adder_4bit_lastblock.v
    Info (12023): Found entity 1: full_adder_4bit_lastBlock File: D:/Quartus_Workspace/proje3Onur/alu/full_adder_4bit_lastBlock.v Line: 1
Info (12021): Found 1 design units, including 1 entities, in source file alu/firstlevel_p_g.v
    Info (12023): Found entity 1: firstLevel_p_g File: D:/Quartus_Workspace/proje3Onur/alu/firstLevel_p_g.v Line: 1
Info (12021): Found 1 design units, including 1 entities, in source file alu/carry_lookahead_level2.v
    Info (12023): Found entity 1: carry_Lookahead_Level2 File: D:/Quartus_Workspace/proje3Onur/alu/carry_Lookahead_Level2.v Line: 1
Info (12021): Found 1 design units, including 1 entities, in source file alu.v
    Info (12023): Found entity 1: Alu File: D:/Quartus_Workspace/proje3Onur/Alu.v Line: 1
Info (12021): Found 1 design units, including 1 entities, in source file register_block.v
    Info (12023): Found entity 1: register_block File: D:/Quartus_Workspace/proje3Onur/register_block.v Line: 2
Info (12021): Found 1 design units, including 1 entities, in source file mux2x1_5bit.v
    Info (12023): Found entity 1: mux2x1_5bit File: D:/Quartus_Workspace/proje3Onur/mux2x1_5bit.v Line: 1
Info (12021): Found 1 design units, including 1 entities, in source file extend_32bit.v
    Info (12023): Found entity 1: extend_32bit File: D:/Quartus_Workspace/proje3Onur/extend_32bit.v Line: 1
Info (12021): Found 1 design units, including 1 entities, in source file mux2x1_32bit.v
    Info (12023): Found entity 1: mux2x1_32bit File: D:/Quartus_Workspace/proje3Onur/mux2x1_32bit.v Line: 1
Info (12021): Found 1 design units, including 1 entities, in source file my_and_32bit.v
    Info (12023): Found entity 1: my_and_32bit File: D:/Quartus_Workspace/proje3Onur/my_and_32bit.v Line: 1
Info (12021): Found 1 design units, including 1 entities, in source file my_or_32bit.v
    Info (12023): Found entity 1: my_or_32bit File: D:/Quartus_Workspace/proje3Onur/my_or_32bit.v Line: 1
Warning (10236): Verilog HDL Implicit Net warning at control_unit.v(55): created implicit net for "alu2_5" File: D:/Quartus_Workspace/proje3Onur/control_unit.v Line: 55
Warning (10236): Verilog HDL Implicit Net warning at control_unit.v(62): created implicit net for "alu1_4" File: D:/Quartus_Workspace/proje3Onur/control_unit.v Line: 62
Warning (10236): Verilog HDL Implicit Net warning at control_unit.v(70): created implicit net for "alu0_5" File: D:/Quartus_Workspace/proje3Onur/control_unit.v Line: 70
Info (12127): Elaborating entity "mips" for the top level hierarchy
Info (12128): Elaborating entity "instruction_block" for hierarchy "instruction_block:instr_block" File: D:/Quartus_Workspace/proje3Onur/mips.v Line: 19
Warning (10850): Verilog HDL warning at instruction_block.v(6): number of words (7) in memory file does not match the number of elements in the address range [0:31] File: D:/Quartus_Workspace/proje3Onur/instruction_block.v Line: 6
Warning (10030): Net "registers.data_a" at instruction_block.v(2) has no driver or initial value, using a default initial value '0' File: D:/Quartus_Workspace/proje3Onur/instruction_block.v Line: 2
Warning (10030): Net "registers.waddr_a" at instruction_block.v(2) has no driver or initial value, using a default initial value '0' File: D:/Quartus_Workspace/proje3Onur/instruction_block.v Line: 2
Warning (10030): Net "registers.we_a" at instruction_block.v(2) has no driver or initial value, using a default initial value '0' File: D:/Quartus_Workspace/proje3Onur/instruction_block.v Line: 2
Info (12128): Elaborating entity "control_unit" for hierarchy "control_unit:controlUnit" File: D:/Quartus_Workspace/proje3Onur/mips.v Line: 22
Warning (10034): Output port "ALUsrc" at control_unit.v(7) has no driver File: D:/Quartus_Workspace/proje3Onur/control_unit.v Line: 7
Warning (10034): Output port "jump" at control_unit.v(9) has no driver File: D:/Quartus_Workspace/proje3Onur/control_unit.v Line: 9
Warning (10034): Output port "byteOperations" at control_unit.v(10) has no driver File: D:/Quartus_Workspace/proje3Onur/control_unit.v Line: 10
Info (12128): Elaborating entity "alu_control" for hierarchy "alu_control:aluControl" File: D:/Quartus_Workspace/proje3Onur/mips.v Line: 25
Info (12128): Elaborating entity "register_block" for hierarchy "register_block:registerBlock" File: D:/Quartus_Workspace/proje3Onur/mips.v Line: 29
Warning (10850): Verilog HDL warning at register_block.v(15): number of words (1) in memory file does not match the number of elements in the address range [0:1023] File: D:/Quartus_Workspace/proje3Onur/register_block.v Line: 15
Warning (10175): Verilog HDL warning at register_block.v(24): ignoring unsupported system task File: D:/Quartus_Workspace/proje3Onur/register_block.v Line: 24
Info (12128): Elaborating entity "Alu" for hierarchy "Alu:alu1" File: D:/Quartus_Workspace/proje3Onur/mips.v Line: 32
Warning (10739): Verilog HDL warning at Alu.v(11): actual bit length 32 differs from formal bit length 1 File: D:/Quartus_Workspace/proje3Onur/Alu.v Line: 11
Info (12128): Elaborating entity "full_adder_32bit" for hierarchy "Alu:alu1|full_adder_32bit:fa1" File: D:/Quartus_Workspace/proje3Onur/Alu.v Line: 10
Info (12128): Elaborating entity "firstLevel_p_g" for hierarchy "Alu:alu1|full_adder_32bit:fa1|firstLevel_p_g:p_and_g" File: D:/Quartus_Workspace/proje3Onur/alu/full_adder_32bit.v Line: 12
Info (12128): Elaborating entity "mux_not" for hierarchy "Alu:alu1|full_adder_32bit:fa1|firstLevel_p_g:p_and_g|mux_not:mux_for_not0" File: D:/Quartus_Workspace/proje3Onur/alu/firstLevel_p_g.v Line: 6
Info (12128): Elaborating entity "secondLevel_p_g" for hierarchy "Alu:alu1|full_adder_32bit:fa1|secondLevel_p_g:pAndg" File: D:/Quartus_Workspace/proje3Onur/alu/full_adder_32bit.v Line: 18
Info (12128): Elaborating entity "carry_Lookahead_Level2" for hierarchy "Alu:alu1|full_adder_32bit:fa1|carry_Lookahead_Level2:cl2" File: D:/Quartus_Workspace/proje3Onur/alu/full_adder_32bit.v Line: 21
Info (12128): Elaborating entity "full_adder_4bit" for hierarchy "Alu:alu1|full_adder_32bit:fa1|full_adder_4bit:fullader2" File: D:/Quartus_Workspace/proje3Onur/alu/full_adder_32bit.v Line: 25
Info (12128): Elaborating entity "carry_Lookahead_Level1" for hierarchy "Alu:alu1|full_adder_32bit:fa1|full_adder_4bit:fullader2|carry_Lookahead_Level1:cl1" File: D:/Quartus_Workspace/proje3Onur/alu/full_adder_4bit.v Line: 5
Info (12128): Elaborating entity "full_Adder_1bit" for hierarchy "Alu:alu1|full_adder_32bit:fa1|full_adder_4bit:fullader2|full_Adder_1bit:fulladderB" File: D:/Quartus_Workspace/proje3Onur/alu/full_adder_4bit.v Line: 9
Info (12128): Elaborating entity "mux_3x1" for hierarchy "Alu:alu1|full_adder_32bit:fa1|full_adder_4bit:fullader2|full_Adder_1bit:fulladderB|mux_3x1:mux" File: D:/Quartus_Workspace/proje3Onur/alu/full_Adder_1bit.v Line: 34
Info (12128): Elaborating entity "full_adder_4bit_lastBlock" for hierarchy "Alu:alu1|full_adder_32bit:fa1|full_adder_4bit_lastBlock:fullader8" File: D:/Quartus_Workspace/proje3Onur/alu/full_adder_32bit.v Line: 37
Info (12128): Elaborating entity "full_adder_lastBit" for hierarchy "Alu:alu1|full_adder_32bit:fa1|full_adder_4bit_lastBlock:fullader8|full_adder_lastBit:fulladder4" File: D:/Quartus_Workspace/proje3Onur/alu/full_adder_4bit_lastBlock.v Line: 35
Info (12128): Elaborating entity "mux2x1_5bit" for hierarchy "mux2x1_5bit:mux2x1_5bit_1" File: D:/Quartus_Workspace/proje3Onur/mips.v Line: 35
Info (12128): Elaborating entity "mux2x1_32bit" for hierarchy "mux2x1_32bit:mux2x1_31bit_1" File: D:/Quartus_Workspace/proje3Onur/mips.v Line: 37
Info (12128): Elaborating entity "extend_32bit" for hierarchy "mux2x1_32bit:mux2x1_31bit_1|extend_32bit:extend_32bit1" File: D:/Quartus_Workspace/proje3Onur/mux2x1_32bit.v Line: 16
Info (12128): Elaborating entity "my_and_32bit" for hierarchy "mux2x1_32bit:mux2x1_31bit_1|my_and_32bit:and1" File: D:/Quartus_Workspace/proje3Onur/mux2x1_32bit.v Line: 24
Info (12128): Elaborating entity "my_or_32bit" for hierarchy "mux2x1_32bit:mux2x1_31bit_1|my_or_32bit:or3" File: D:/Quartus_Workspace/proje3Onur/mux2x1_32bit.v Line: 26
Info (16010): Generating hard_block partition "hard_block:auto_generated_inst"
    Info (16011): Adding 0 node(s), including 0 DDIO, 0 PLL, 0 transceiver and 0 LCELL
Warning (21074): Design contains 1 input pin(s) that do not drive logic
    Warning (15610): No output dependent on input pin "clock" File: D:/Quartus_Workspace/proje3Onur/mips.v Line: 4
Info (21057): Implemented 1 device resources after synthesis - the final resource count might be different
    Info (21058): Implemented 1 input pins
    Info (21059): Implemented 0 output pins
Info: Quartus Prime Analysis & Synthesis was successful. 0 errors, 16 warnings
    Info: Peak virtual memory: 4803 megabytes
    Info: Processing ended: Fri Jan 19 16:32:25 2024
    Info: Elapsed time: 00:00:08
    Info: Total CPU time (on all processors): 00:00:19


